// Jest Snapshot v1, https://goo.gl/fbAQLP

exports[`<ClientList/> renders data 1`] = `
<DocumentFragment>
  <h3
    class="title-page"
  >
    Client List
  </h3>
  <div
    class="content"
  >
    <div
      class="container-fluid"
    >
      <div
        class="row"
      >
        <div
          class="col-md-12"
        >
          <a
            class="nav-link"
            href="/admin/clients/new"
          >
            <button
              class="btn-fill btn btn-success"
              type="button"
            >
              New Client
            </button>
          </a>
          <div
            class="card"
          >
            <div
              class="header"
            >
              <h4
                class="title"
              />
              <p
                class="category"
              />
            </div>
            <div
              class="content table-full-width table-responsive"
            >
              <table
                class="table table-striped table-hover"
              >
                <thead>
                  <tr>
                    <td>
                      Name
                    </td>
                    <td>
                      Connectors count
                    </td>
                    <td>
                      Permits
                    </td>
                    <td>
                      Action
                    </td>
                  </tr>
                </thead>
                <tbody>
                  <tr>
                    <td>
                      SEATTLE
                    </td>
                    <td>
                      5
                    </td>
                    <td>
                      permit_amount
                    </td>
                    <td
                      class="table-action-client"
                    >
                      <a
                        href="/admin/clientconnectors/1"
                        title="Detail client"
                      >
                        <i
                          class="mr-5 pe-7s-search action-icon"
                        />
                      </a>
                      <a
                        href="/client/1"
                        title="Edit client"
                      >
                        <i
                          class="pe-7s-note mr-5 edit-icon action-icon"
                        />
                      </a>
                      <span
                        title="Delete client"
                      >
                        <i
                          class="pe-7s-trash trash-icon action-icon"
                        />
                      </span>
                    </td>
                  </tr>
                  <tr>
                    <td>
                      LONGVIEW
                    </td>
                    <td>
                      1
                    </td>
                    <td>
                      permit_amount
                    </td>
                    <td
                      class="table-action-client"
                    >
                      <a
                        href="/admin/clientconnectors/123"
                        title="Detail client"
                      >
                        <i
                          class="mr-5 pe-7s-search action-icon"
                        />
                      </a>
                      <a
                        href="/client/123"
                        title="Edit client"
                      >
                        <i
                          class="pe-7s-note mr-5 edit-icon action-icon"
                        />
                      </a>
                      <span
                        title="Delete client"
                      >
                        <i
                          class="pe-7s-trash trash-icon action-icon"
                        />
                      </span>
                    </td>
                  </tr>
                </tbody>
              </table>
              <div
                class="footer"
              >
                <div
                  class="stats"
                >
                  <i />
                   
                </div>
              </div>
            </div>
          </div>
        </div>
      </div>
    </div>
  </div>
</DocumentFragment>
`;
